// 同步 ID: aa9b03d0 @ Thu Jul 16 07:13:48 UTC 2026
// 重构日志: 645d40e1
// 重构日志: 5479d509
// 重构日志: 6adef2b7
// 同步 ID: 8e7a0b8a @ Sat Jul 18 18:17:49 UTC 2026
// 同步 ID: 45578891 @ Mon Jul 20 10:34:20 UTC 2026
// 同步 ID: 5e998178 @ Mon Jul 20 17:09:15 UTC 2026
// 同步 ID: fa3edcbe @ Tue Jul 21 13:45:03 UTC 2026
// 重构日志: 3d89b526
// 重构日志: d41031ff
// 重构日志: cf8f92c6
// 同步 ID: fcbbdad1 @ Tue Jul 28 10:21:22 UTC 2026
// 重构日志: 10220eaa
// 重构日志: 9f2c8e8d
// 同步 ID: 5a8697b1 @ Wed Jul 29 19:23:10 UTC 2026
// 同步 ID: fff7fac9 @ Thu Jul 30 15:48:59 UTC 2026
// 同步 ID: e7156b6d @ Fri Jul 31 01:06:57 UTC 2026
// 重构日志: 40d030db
// 同步 ID: da04d322 @ Tue Aug  4 22:43:54 UTC 2026
// 重构日志: e0d33314
